#! /c/Source/iverilog-install/bin/vvp
:ivl_version "12.0 (devel)" "(s20150603-1539-g2693dd32b)";
:ivl_delay_selection "TYPICAL";
:vpi_time_precision - 12;
:vpi_module "C:\iverilog\lib\ivl\system.vpi";
:vpi_module "C:\iverilog\lib\ivl\vhdl_sys.vpi";
:vpi_module "C:\iverilog\lib\ivl\vhdl_textio.vpi";
:vpi_module "C:\iverilog\lib\ivl\v2005_math.vpi";
:vpi_module "C:\iverilog\lib\ivl\va_math.vpi";
S_0000023f1c9da520 .scope module, "mips_tb" "mips_tb" 2 13;
 .timescale -9 -12;
v0000023f1ca94cd0_0 .net "alu_result", 31 0, L_0000023f1caf24f0;  1 drivers
v0000023f1ca94f50_0 .var "clk", 0 0;
v0000023f1ca95c70_0 .net "pc_out", 31 0, L_0000023f1c9ca070;  1 drivers
v0000023f1ca96030_0 .net "pwm_out", 0 0, v0000023f1c9dcfc0_0;  1 drivers
v0000023f1ca95130_0 .var "rst_n", 0 0;
v0000023f1ca94a50_0 .var "switches", 7 0;
S_0000023f1c9da840 .scope module, "uut" "mips" 2 27, 3 15 0, S_0000023f1c9da520;
 .timescale -9 -12;
    .port_info 0 /INPUT 1 "clk";
    .port_info 1 /INPUT 1 "rst_n";
    .port_info 2 /INPUT 8 "switches";
    .port_info 3 /OUTPUT 1 "pwm_out";
    .port_info 4 /OUTPUT 32 "pc_out";
    .port_info 5 /OUTPUT 32 "alu_result";
v0000023f1ca925e0_0 .net "alu_ctrl_D", 2 0, v0000023f1c9dbd00_0;  1 drivers
v0000023f1ca92ea0_0 .net "alu_result", 31 0, L_0000023f1caf24f0;  alias, 1 drivers
v0000023f1ca94020_0 .net "alu_src_D", 0 0, L_0000023f1ca94870;  1 drivers
v0000023f1ca92360_0 .net "branch_D", 0 0, L_0000023f1ca95950;  1 drivers
v0000023f1ca92680_0 .net "clk", 0 0, v0000023f1ca94f50_0;  1 drivers
v0000023f1ca931c0_0 .net "flush_E", 0 0, L_0000023f1c9c9f20;  1 drivers
v0000023f1ca93440_0 .net "forward_a_D", 1 0, v0000023f1ca93800_0;  1 drivers
v0000023f1ca92c20_0 .net "forward_a_E", 1 0, v0000023f1ca92a40_0;  1 drivers
v0000023f1ca92cc0_0 .net "forward_b_D", 1 0, v0000023f1ca933a0_0;  1 drivers
v0000023f1ca92e00_0 .net "forward_b_E", 1 0, v0000023f1ca939e0_0;  1 drivers
v0000023f1ca92f40_0 .net "instr_D", 31 0, v0000023f1ca8fec0_0;  1 drivers
v0000023f1ca92fe0_0 .net "jump_D", 0 0, L_0000023f1ca951d0;  1 drivers
v0000023f1ca93080_0 .net "mem_to_reg_D", 0 0, L_0000023f1ca94af0;  1 drivers
v0000023f1ca93120_0 .net "mem_to_reg_E", 0 0, v0000023f1ca8fa60_0;  1 drivers
v0000023f1ca94410_0 .net "mem_to_reg_M", 0 0, v0000023f1ca8fba0_0;  1 drivers
v0000023f1ca95e50_0 .net "mem_write_D", 0 0, L_0000023f1ca959f0;  1 drivers
v0000023f1ca949b0_0 .net "pc_out", 31 0, L_0000023f1c9ca070;  alias, 1 drivers
v0000023f1ca95b30_0 .net "pwm_out", 0 0, v0000023f1c9dcfc0_0;  alias, 1 drivers
v0000023f1ca95310_0 .net "reg_dst_D", 0 0, L_0000023f1ca958b0;  1 drivers
v0000023f1ca95810_0 .net "reg_write_D", 0 0, L_0000023f1ca95450;  1 drivers
v0000023f1ca956d0_0 .net "reg_write_E", 0 0, v0000023f1ca91890_0;  1 drivers
v0000023f1ca95a90_0 .net "reg_write_M", 0 0, L_0000023f1caf2e90;  1 drivers
v0000023f1ca95270_0 .net "reg_write_W", 0 0, L_0000023f1caf2d40;  1 drivers
v0000023f1ca95630_0 .net "rs_D", 4 0, L_0000023f1caf1990;  1 drivers
v0000023f1ca95770_0 .net "rs_E", 4 0, L_0000023f1caf26b0;  1 drivers
v0000023f1ca94910_0 .net "rst_n", 0 0, v0000023f1ca95130_0;  1 drivers
v0000023f1ca95f90_0 .net "rt_D", 4 0, L_0000023f1caf0310;  1 drivers
v0000023f1ca95bd0_0 .net "rt_E", 4 0, v0000023f1ca90cb0_0;  1 drivers
v0000023f1ca95ef0_0 .net "stall_D", 0 0, L_0000023f1c9ca620;  1 drivers
v0000023f1ca94d70_0 .net "stall_F", 0 0, L_0000023f1c9c9eb0;  1 drivers
v0000023f1ca95090_0 .net "switches", 7 0, v0000023f1ca94a50_0;  1 drivers
v0000023f1ca953b0_0 .net "write_reg_E", 4 0, L_0000023f1caf29c0;  1 drivers
v0000023f1ca94690_0 .net "write_reg_M", 4 0, v0000023f1ca90d50_0;  1 drivers
v0000023f1ca944b0_0 .net "write_reg_W", 4 0, L_0000023f1caf21e0;  1 drivers
L_0000023f1ca95590 .part v0000023f1ca8fec0_0, 26, 6;
L_0000023f1ca95db0 .part v0000023f1ca8fec0_0, 0, 6;
S_0000023f1c98f9f0 .scope module, "u_control" "control_unit" 3 42, 4 10 0, S_0000023f1c9da840;
 .timescale -9 -12;
    .port_info 0 /INPUT 6 "opcode";
    .port_info 1 /INPUT 6 "funct";
    .port_info 2 /OUTPUT 1 "mem_to_reg";
    .port_info 3 /OUTPUT 1 "mem_write";
    .port_info 4 /OUTPUT 1 "branch";
    .port_info 5 /OUTPUT 1 "alu_src";
    .port_info 6 /OUTPUT 1 "reg_dst";
    .port_info 7 /OUTPUT 1 "reg_write";
    .port_info 8 /OUTPUT 1 "jump";
    .port_info 9 /OUTPUT 3 "alu_ctrl";
v0000023f1c9dc3e0_0 .net "alu_ctrl", 2 0, v0000023f1c9dbd00_0;  alias, 1 drivers
v0000023f1c9db620_0 .net "alu_op", 1 0, L_0000023f1ca954f0;  1 drivers
v0000023f1c9dc480_0 .net "alu_src", 0 0, L_0000023f1ca94870;  alias, 1 drivers
v0000023f1c9dd100_0 .net "branch", 0 0, L_0000023f1ca95950;  alias, 1 drivers
v0000023f1c9dc520_0 .net "funct", 5 0, L_0000023f1ca95db0;  1 drivers
v0000023f1c9dcca0_0 .net "jump", 0 0, L_0000023f1ca951d0;  alias, 1 drivers
v0000023f1c9dc5c0_0 .net "mem_to_reg", 0 0, L_0000023f1ca94af0;  alias, 1 drivers
v0000023f1c9dc840_0 .net "mem_write", 0 0, L_0000023f1ca959f0;  alias, 1 drivers
v0000023f1c9dcd40_0 .net "opcode", 5 0, L_0000023f1ca95590;  1 drivers
v0000023f1c9dbb20_0 .net "reg_dst", 0 0, L_0000023f1ca958b0;  alias, 1 drivers
v0000023f1c9dd1a0_0 .net "reg_write", 0 0, L_0000023f1ca95450;  alias, 1 drivers
S_0000023f1c98fb80 .scope module, "u_alu_dec" "alu_decoder" 4 36, 5 10 0, S_0000023f1c98f9f0;
 .timescale -9 -12;
    .port_info 0 /INPUT 2 "alu_op";
    .port_info 1 /INPUT 6 "funct";
    .port_info 2 /OUTPUT 3 "alu_ctrl";
v0000023f1c9dbd00_0 .var "alu_ctrl", 2 0;
v0000023f1c9db9e0_0 .net "alu_op", 1 0, L_0000023f1ca954f0;  alias, 1 drivers
v0000023f1c9dcac0_0 .net "funct", 5 0, L_0000023f1ca95db0;  alias, 1 drivers
E_0000023f1c9e7080 .event anyedge, v0000023f1c9db9e0_0, v0000023f1c9dcac0_0;
S_0000023f1c98e060 .scope module, "u_main_dec" "main_decoder" 4 24, 6 17 0, S_0000023f1c98f9f0;
 .timescale -9 -12;
    .port_info 0 /INPUT 6 "opcode";
    .port_info 1 /OUTPUT 1 "mem_to_reg";
    .port_info 2 /OUTPUT 1 "mem_write";
    .port_info 3 /OUTPUT 1 "branch";
    .port_info 4 /OUTPUT 1 "alu_src";
    .port_info 5 /OUTPUT 1 "reg_dst";
    .port_info 6 /OUTPUT 1 "reg_write";
    .port_info 7 /OUTPUT 1 "jump";
    .port_info 8 /OUTPUT 2 "alu_op";
v0000023f1c9dc7a0_0 .net *"_ivl_10", 8 0, L_0000023f1ca95d10;  1 drivers
v0000023f1c9dd240_0 .net "alu_op", 1 0, L_0000023f1ca954f0;  alias, 1 drivers
v0000023f1c9dbee0_0 .net "alu_src", 0 0, L_0000023f1ca94870;  alias, 1 drivers
v0000023f1c9dc660_0 .net "branch", 0 0, L_0000023f1ca95950;  alias, 1 drivers
v0000023f1c9dba80_0 .var "controls", 9 0;
v0000023f1c9dcb60_0 .net "jump", 0 0, L_0000023f1ca951d0;  alias, 1 drivers
v0000023f1c9db580_0 .net "mem_to_reg", 0 0, L_0000023f1ca94af0;  alias, 1 drivers
v0000023f1c9dcf20_0 .net "mem_write", 0 0, L_0000023f1ca959f0;  alias, 1 drivers
v0000023f1c9db940_0 .net "opcode", 5 0, L_0000023f1ca95590;  alias, 1 drivers
v0000023f1c9dc8e0_0 .net "reg_dst", 0 0, L_0000023f1ca958b0;  alias, 1 drivers
v0000023f1c9dc0c0_0 .net "reg_write", 0 0, L_0000023f1ca95450;  alias, 1 drivers
E_0000023f1c9e76c0 .event anyedge, v0000023f1c9db940_0;
L_0000023f1ca95450 .part L_0000023f1ca95d10, 8, 1;
L_0000023f1ca958b0 .part L_0000023f1ca95d10, 7, 1;
L_0000023f1ca94870 .part L_0000023f1ca95d10, 6, 1;
L_0000023f1ca95950 .part L_0000023f1ca95d10, 5, 1;
L_0000023f1ca959f0 .part L_0000023f1ca95d10, 4, 1;
L_0000023f1ca94af0 .part L_0000023f1ca95d10, 3, 1;
L_0000023f1ca951d0 .part L_0000023f1ca95d10, 2, 1;
L_0000023f1ca954f0 .part L_0000023f1ca95d10, 0, 2;
L_0000023f1ca95d10 .part v0000023f1c9dba80_0, 0, 9;
S_0000023f1c98e1f0 .scope module, "u_datapath" "datapath" 3 69, 7 10 0, S_0000023f1c9da840;
 .timescale -9 -12;
    .port_info 0 /INPUT 1 "clk";
    .port_info 1 /INPUT 1 "rst_n";
    .port_info 2 /INPUT 8 "switches";
    .port_info 3 /INPUT 1 "reg_write_D";
    .port_info 4 /INPUT 1 "mem_to_reg_D";
    .port_info 5 /INPUT 1 "mem_write_D";
    .port_info 6 /INPUT 3 "alu_ctrl_D";
    .port_info 7 /INPUT 1 "alu_src_D";
    .port_info 8 /INPUT 1 "reg_dst_D";
    .port_info 9 /INPUT 1 "branch_D";
    .port_info 10 /INPUT 1 "jump_D";
    .port_info 11 /INPUT 1 "stall_F";
    .port_info 12 /INPUT 1 "stall_D";
    .port_info 13 /INPUT 1 "flush_E";
    .port_info 14 /INPUT 2 "forward_a_E";
    .port_info 15 /INPUT 2 "forward_b_E";
    .port_info 16 /INPUT 2 "forward_a_D";
    .port_info 17 /INPUT 2 "forward_b_D";
    .port_info 18 /OUTPUT 5 "rs_D";
    .port_info 19 /OUTPUT 5 "rt_D";
    .port_info 20 /OUTPUT 5 "rs_E";
    .port_info 21 /OUTPUT 5 "rt_E";
    .port_info 22 /OUTPUT 5 "write_reg_E";
    .port_info 23 /OUTPUT 1 "reg_write_E";
    .port_info 24 /OUTPUT 5 "write_reg_M";
    .port_info 25 /OUTPUT 5 "write_reg_W";
    .port_info 26 /OUTPUT 1 "reg_write_M";
    .port_info 27 /OUTPUT 1 "reg_write_W";
    .port_info 28 /OUTPUT 1 "mem_to_reg_E";
    .port_info 29 /OUTPUT 1 "mem_to_reg_M";
    .port_info 30 /OUTPUT 1 "pwm_out";
    .port_info 31 /OUTPUT 32 "instr_D";
    .port_info 32 /OUTPUT 32 "pc_out";
    .port_info 33 /OUTPUT 32 "alu_result_out";
L_0000023f1c9ca700 .functor NOT 1, L_0000023f1c9c9eb0, C4<0>, C4<0>, C4<0>;
L_0000023f1c9ca070 .functor BUFZ 32, v0000023f1c9fe1a0_0, C4<00000000000000000000000000000000>, C4<00000000000000000000000000000000>, C4<00000000000000000000000000000000>;
L_0000023f1c9ca230 .functor NOT 1, v0000023f1ca94f50_0, C4<0>, C4<0>, C4<0>;
L_0000023f1c99ec00 .functor NOT 1, L_0000023f1caf18f0, C4<0>, C4<0>, C4<0>;
L_0000023f1c9ca2a0 .functor AND 1, L_0000023f1ca95950, L_0000023f1caf0bd0, C4<1>, C4<1>;
L_0000023f1caf26b0 .functor BUFZ 5, v0000023f1ca91750_0, C4<00000>, C4<00000>, C4<00000>;
L_0000023f1caf29c0 .functor BUFZ 5, L_0000023f1caf1030, C4<00000>, C4<00000>, C4<00000>;
L_0000023f1caf25d0 .functor BUFZ 32, v0000023f1ca8e520_0, C4<00000000000000000000000000000000>, C4<00000000000000000000000000000000>, C4<00000000000000000000000000000000>;
L_0000023f1caf2e90 .functor BUFZ 1, v0000023f1ca90710_0, C4<0>, C4<0>, C4<0>;
L_0000023f1caf21e0 .functor BUFZ 5, v0000023f1ca90e90_0, C4<00000>, C4<00000>, C4<00000>;
L_0000023f1caf2d40 .functor BUFZ 1, v0000023f1ca90530_0, C4<0>, C4<0>, C4<0>;
L_0000023f1caf2bf0 .functor BUFZ 1, v0000023f1ca90530_0, C4<0>, C4<0>, C4<0>;
L_0000023f1caf2c60 .functor BUFZ 5, v0000023f1ca90e90_0, C4<00000>, C4<00000>, C4<00000>;
L_0000023f1caf24f0 .functor BUFZ 32, L_0000023f1caf10d0, C4<00000000000000000000000000000000>, C4<00000000000000000000000000000000>, C4<00000000000000000000000000000000>;
L_0000023f1ca961a0 .functor BUFT 1, C4<00>, C4<0>, C4<0>, C4<0>;
v0000023f1c9fd160_0 .net/2u *"_ivl_10", 1 0, L_0000023f1ca961a0;  1 drivers
v0000023f1c9fcda0_0 .net *"_ivl_100", 0 0, L_0000023f1caf1b70;  1 drivers
v0000023f1c9fd2a0_0 .net *"_ivl_102", 31 0, L_0000023f1caf0c70;  1 drivers
L_0000023f1ca965d8 .functor BUFT 1, C4<10>, C4<0>, C4<0>, C4<0>;
v0000023f1c9fdac0_0 .net/2u *"_ivl_106", 1 0, L_0000023f1ca965d8;  1 drivers
v0000023f1c9fc620_0 .net *"_ivl_108", 0 0, L_0000023f1caf0db0;  1 drivers
L_0000023f1ca96620 .functor BUFT 1, C4<01>, C4<0>, C4<0>, C4<0>;
v0000023f1c9fcb20_0 .net/2u *"_ivl_110", 1 0, L_0000023f1ca96620;  1 drivers
v0000023f1c9fc6c0_0 .net *"_ivl_112", 0 0, L_0000023f1caf12b0;  1 drivers
v0000023f1c9fdd40_0 .net *"_ivl_114", 31 0, L_0000023f1caf15d0;  1 drivers
v0000023f1c9fdde0_0 .net *"_ivl_12", 31 0, L_0000023f1ca947d0;  1 drivers
v0000023f1c9fde80_0 .net *"_ivl_14", 31 0, L_0000023f1ca94eb0;  1 drivers
L_0000023f1ca96158 .functor BUFT 1, C4<00000000000000000000000000000100>, C4<0>, C4<0>, C4<0>;
v0000023f1c9fdf20_0 .net/2u *"_ivl_2", 31 0, L_0000023f1ca96158;  1 drivers
v0000023f1c9fdfc0_0 .net *"_ivl_29", 0 0, L_0000023f1caf2070;  1 drivers
v0000023f1c9fe060_0 .net *"_ivl_30", 15 0, L_0000023f1caf13f0;  1 drivers
v0000023f1c9fe100_0 .net *"_ivl_33", 15 0, L_0000023f1caf01d0;  1 drivers
L_0000023f1ca96398 .functor BUFT 1, C4<10>, C4<0>, C4<0>, C4<0>;
v0000023f1c9fc300_0 .net/2u *"_ivl_40", 1 0, L_0000023f1ca96398;  1 drivers
v0000023f1c9fc800_0 .net *"_ivl_42", 0 0, L_0000023f1caf0950;  1 drivers
L_0000023f1ca963e0 .functor BUFT 1, C4<01>, C4<0>, C4<0>, C4<0>;
v0000023f1c9fc8a0_0 .net/2u *"_ivl_44", 1 0, L_0000023f1ca963e0;  1 drivers
v0000023f1ca8eb60_0 .net *"_ivl_46", 0 0, L_0000023f1caf1ad0;  1 drivers
v0000023f1ca8e200_0 .net *"_ivl_48", 31 0, L_0000023f1caf17b0;  1 drivers
L_0000023f1ca96428 .functor BUFT 1, C4<10>, C4<0>, C4<0>, C4<0>;
v0000023f1ca8f240_0 .net/2u *"_ivl_52", 1 0, L_0000023f1ca96428;  1 drivers
v0000023f1ca8ea20_0 .net *"_ivl_54", 0 0, L_0000023f1caf0630;  1 drivers
L_0000023f1ca96470 .functor BUFT 1, C4<01>, C4<0>, C4<0>, C4<0>;
v0000023f1ca8e160_0 .net/2u *"_ivl_56", 1 0, L_0000023f1ca96470;  1 drivers
v0000023f1ca8e2a0_0 .net *"_ivl_58", 0 0, L_0000023f1caf0270;  1 drivers
v0000023f1ca8eca0_0 .net *"_ivl_60", 31 0, L_0000023f1caf06d0;  1 drivers
v0000023f1ca8f380_0 .net *"_ivl_64", 31 0, L_0000023f1caf0a90;  1 drivers
v0000023f1ca8ee80_0 .net *"_ivl_66", 29 0, L_0000023f1caf1850;  1 drivers
L_0000023f1ca964b8 .functor BUFT 1, C4<00>, C4<0>, C4<0>, C4<0>;
v0000023f1ca8e7a0_0 .net *"_ivl_68", 1 0, L_0000023f1ca964b8;  1 drivers
v0000023f1ca8ff60_0 .net *"_ivl_7", 3 0, L_0000023f1ca945f0;  1 drivers
v0000023f1ca8ede0_0 .net *"_ivl_75", 5 0, L_0000023f1caf0b30;  1 drivers
L_0000023f1ca96500 .functor BUFT 1, C4<000101>, C4<0>, C4<0>, C4<0>;
v0000023f1ca8ec00_0 .net/2u *"_ivl_76", 5 0, L_0000023f1ca96500;  1 drivers
v0000023f1ca8fd80_0 .net *"_ivl_80", 0 0, L_0000023f1c99ec00;  1 drivers
v0000023f1ca8e340_0 .net *"_ivl_82", 0 0, L_0000023f1caf0bd0;  1 drivers
v0000023f1ca8f060_0 .net *"_ivl_9", 25 0, L_0000023f1ca94730;  1 drivers
L_0000023f1ca96548 .functor BUFT 1, C4<10>, C4<0>, C4<0>, C4<0>;
v0000023f1ca8f4c0_0 .net/2u *"_ivl_94", 1 0, L_0000023f1ca96548;  1 drivers
v0000023f1ca8f6a0_0 .net *"_ivl_96", 0 0, L_0000023f1caf1170;  1 drivers
L_0000023f1ca96590 .functor BUFT 1, C4<01>, C4<0>, C4<0>, C4<0>;
v0000023f1ca8f600_0 .net/2u *"_ivl_98", 1 0, L_0000023f1ca96590;  1 drivers
v0000023f1ca8f740_0 .net "alu_ctrl_D", 2 0, v0000023f1c9dbd00_0;  alias, 1 drivers
v0000023f1ca8e480_0 .var "alu_ctrl_E", 2 0;
v0000023f1ca8f7e0_0 .net "alu_result_E", 31 0, v0000023f1c9dbbc0_0;  1 drivers
v0000023f1ca8e520_0 .var "alu_result_M_reg", 31 0;
v0000023f1ca8f1a0_0 .net "alu_result_M_wire", 31 0, L_0000023f1caf25d0;  1 drivers
v0000023f1ca8efc0_0 .var "alu_result_W", 31 0;
v0000023f1ca8e5c0_0 .net "alu_result_out", 31 0, L_0000023f1caf24f0;  alias, 1 drivers
v0000023f1ca8ef20_0 .net "alu_src_D", 0 0, L_0000023f1ca94870;  alias, 1 drivers
v0000023f1ca8f920_0 .var "alu_src_E", 0 0;
v0000023f1ca8ed40_0 .net "bne_D", 0 0, L_0000023f1caf1cb0;  1 drivers
v0000023f1ca8f880_0 .net "branch_D", 0 0, L_0000023f1ca95950;  alias, 1 drivers
v0000023f1ca8f100_0 .net "clk", 0 0, v0000023f1ca94f50_0;  alias, 1 drivers
v0000023f1ca8f560_0 .net "equal_D", 0 0, L_0000023f1caf18f0;  1 drivers
v0000023f1ca8e660_0 .net "flush_E", 0 0, L_0000023f1c9c9f20;  alias, 1 drivers
v0000023f1ca8e3e0_0 .net "forward_a_D", 1 0, v0000023f1ca93800_0;  alias, 1 drivers
v0000023f1ca8f2e0_0 .net "forward_a_E", 1 0, v0000023f1ca92a40_0;  alias, 1 drivers
v0000023f1ca8fe20_0 .net "forward_b_D", 1 0, v0000023f1ca933a0_0;  alias, 1 drivers
v0000023f1ca8f9c0_0 .net "forward_b_E", 1 0, v0000023f1ca939e0_0;  alias, 1 drivers
v0000023f1ca8e980_0 .net "instr_D", 31 0, v0000023f1ca8fec0_0;  alias, 1 drivers
v0000023f1ca8fec0_0 .var "instr_D_reg", 31 0;
v0000023f1ca90000_0 .net "instr_F", 31 0, L_0000023f1c9ca000;  1 drivers
v0000023f1ca8e700_0 .net "jump_D", 0 0, L_0000023f1ca951d0;  alias, 1 drivers
v0000023f1ca8fc40_0 .net "mem_to_reg_D", 0 0, L_0000023f1ca94af0;  alias, 1 drivers
v0000023f1ca8f420_0 .net "mem_to_reg_E", 0 0, v0000023f1ca8fa60_0;  alias, 1 drivers
v0000023f1ca8fa60_0 .var "mem_to_reg_E_reg", 0 0;
v0000023f1ca8fb00_0 .net "mem_to_reg_M", 0 0, v0000023f1ca8fba0_0;  alias, 1 drivers
v0000023f1ca8fba0_0 .var "mem_to_reg_M_reg", 0 0;
v0000023f1ca8fce0_0 .var "mem_to_reg_W", 0 0;
v0000023f1ca8e840_0 .net "mem_write_D", 0 0, L_0000023f1ca959f0;  alias, 1 drivers
v0000023f1ca8e8e0_0 .var "mem_write_E", 0 0;
v0000023f1ca8eac0_0 .var "mem_write_M", 0 0;
v0000023f1ca911b0_0 .net "pc_F", 31 0, v0000023f1c9fe1a0_0;  1 drivers
v0000023f1ca91390_0 .net "pc_branch_D", 31 0, L_0000023f1caf0810;  1 drivers
v0000023f1ca90f30_0 .net "pc_next_F", 31 0, L_0000023f1caf0770;  1 drivers
v0000023f1ca91110_0 .net "pc_out", 31 0, L_0000023f1c9ca070;  alias, 1 drivers
v0000023f1ca91ed0_0 .var "pc_plus4_D", 31 0;
v0000023f1ca90170_0 .net "pc_plus4_F", 31 0, L_0000023f1ca94e10;  1 drivers
v0000023f1ca91610_0 .net "pc_src_D", 0 0, L_0000023f1c9ca2a0;  1 drivers
v0000023f1ca908f0_0 .net "pwm_out", 0 0, v0000023f1c9dcfc0_0;  alias, 1 drivers
v0000023f1ca91430_0 .net "rd1_D", 31 0, L_0000023f1caf1df0;  1 drivers
v0000023f1ca91a70_0 .var "rd1_E", 31 0;
v0000023f1ca91570_0 .net "rd2_D", 31 0, L_0000023f1caf1e90;  1 drivers
v0000023f1ca90850_0 .var "rd2_E", 31 0;
v0000023f1ca90ad0_0 .var "rd_E", 4 0;
v0000023f1ca914d0_0 .net "read_data_M", 31 0, v0000023f1c9b5630_0;  1 drivers
v0000023f1ca91bb0_0 .var "read_data_W", 31 0;
v0000023f1ca90b70_0 .net "reg_dst_D", 0 0, L_0000023f1ca958b0;  alias, 1 drivers
v0000023f1ca91e30_0 .var "reg_dst_E", 0 0;
v0000023f1ca919d0_0 .net "reg_write_D", 0 0, L_0000023f1ca95450;  alias, 1 drivers
v0000023f1ca92010_0 .net "reg_write_E", 0 0, v0000023f1ca91890_0;  alias, 1 drivers
v0000023f1ca91890_0 .var "reg_write_E_reg", 0 0;
v0000023f1ca90490_0 .net "reg_write_M", 0 0, L_0000023f1caf2e90;  alias, 1 drivers
v0000023f1ca90710_0 .var "reg_write_M_reg", 0 0;
v0000023f1ca90210_0 .net "reg_write_W", 0 0, L_0000023f1caf2d40;  alias, 1 drivers
v0000023f1ca90530_0 .var "reg_write_W_reg", 0 0;
v0000023f1ca916b0_0 .net "reg_write_W_wire", 0 0, L_0000023f1caf2bf0;  1 drivers
v0000023f1ca90990_0 .net "result_W", 31 0, L_0000023f1caf10d0;  1 drivers
v0000023f1ca91c50_0 .net "rs_D", 4 0, L_0000023f1caf1990;  alias, 1 drivers
v0000023f1ca905d0_0 .net "rs_E", 4 0, L_0000023f1caf26b0;  alias, 1 drivers
v0000023f1ca91750_0 .var "rs_E_reg", 4 0;
v0000023f1ca90c10_0 .net "rst_n", 0 0, v0000023f1ca95130_0;  alias, 1 drivers
v0000023f1ca912f0_0 .net "rt_D", 4 0, L_0000023f1caf0310;  alias, 1 drivers
v0000023f1ca90fd0_0 .net "rt_E", 4 0, v0000023f1ca90cb0_0;  alias, 1 drivers
v0000023f1ca90cb0_0 .var "rt_E_reg", 4 0;
v0000023f1ca902b0_0 .net "sign_imm_D", 31 0, L_0000023f1caf0ef0;  1 drivers
v0000023f1ca91250_0 .var "sign_imm_E", 31 0;
v0000023f1ca91d90_0 .net "src_a_D", 31 0, L_0000023f1caf04f0;  1 drivers
v0000023f1ca90df0_0 .net "src_a_E_final", 31 0, L_0000023f1caf0d10;  1 drivers
v0000023f1ca91b10_0 .net "src_b_D", 31 0, L_0000023f1caf09f0;  1 drivers
v0000023f1ca91f70_0 .net "src_b_E_final", 31 0, L_0000023f1caf0f90;  1 drivers
v0000023f1ca91cf0_0 .net "src_b_E_temp", 31 0, L_0000023f1caf0e50;  1 drivers
v0000023f1ca91930_0 .net "stall_D", 0 0, L_0000023f1c9ca620;  alias, 1 drivers
v0000023f1ca90350_0 .net "stall_F", 0 0, L_0000023f1c9c9eb0;  alias, 1 drivers
v0000023f1ca917f0_0 .net "switches", 7 0, v0000023f1ca94a50_0;  alias, 1 drivers
v0000023f1ca903f0_0 .var "write_data_M", 31 0;
v0000023f1ca90670_0 .net "write_reg_E", 4 0, L_0000023f1caf29c0;  alias, 1 drivers
v0000023f1ca91070_0 .net "write_reg_E_wire", 4 0, L_0000023f1caf1030;  1 drivers
v0000023f1ca907b0_0 .net "write_reg_M", 4 0, v0000023f1ca90d50_0;  alias, 1 drivers
v0000023f1ca90d50_0 .var "write_reg_M_reg", 4 0;
v0000023f1ca90a30_0 .net "write_reg_W", 4 0, L_0000023f1caf21e0;  alias, 1 drivers
v0000023f1ca90e90_0 .var "write_reg_W_reg", 4 0;
v0000023f1ca929a0_0 .net "write_reg_W_wire", 4 0, L_0000023f1caf2c60;  1 drivers
v0000023f1ca93580_0 .net "zero_E", 0 0, L_0000023f1caf1210;  1 drivers
L_0000023f1ca94e10 .arith/sum 32, v0000023f1c9fe1a0_0, L_0000023f1ca96158;
L_0000023f1ca945f0 .part v0000023f1ca91ed0_0, 28, 4;
L_0000023f1ca94730 .part v0000023f1ca8fec0_0, 0, 26;
L_0000023f1ca947d0 .concat [ 2 26 4 0], L_0000023f1ca961a0, L_0000023f1ca94730, L_0000023f1ca945f0;
L_0000023f1ca94eb0 .functor MUXZ 32, L_0000023f1ca94e10, L_0000023f1ca947d0, L_0000023f1ca951d0, C4<>;
L_0000023f1caf0770 .functor MUXZ 32, L_0000023f1ca94eb0, L_0000023f1caf0810, L_0000023f1c9ca2a0, C4<>;
L_0000023f1caf1f30 .part v0000023f1ca8fec0_0, 21, 5;
L_0000023f1caf1fd0 .part v0000023f1ca8fec0_0, 16, 5;
L_0000023f1caf2070 .part v0000023f1ca8fec0_0, 15, 1;
LS_0000023f1caf13f0_0_0 .concat [ 1 1 1 1], L_0000023f1caf2070, L_0000023f1caf2070, L_0000023f1caf2070, L_0000023f1caf2070;
LS_0000023f1caf13f0_0_4 .concat [ 1 1 1 1], L_0000023f1caf2070, L_0000023f1caf2070, L_0000023f1caf2070, L_0000023f1caf2070;
LS_0000023f1caf13f0_0_8 .concat [ 1 1 1 1], L_0000023f1caf2070, L_0000023f1caf2070, L_0000023f1caf2070, L_0000023f1caf2070;
LS_0000023f1caf13f0_0_12 .concat [ 1 1 1 1], L_0000023f1caf2070, L_0000023f1caf2070, L_0000023f1caf2070, L_0000023f1caf2070;
L_0000023f1caf13f0 .concat [ 4 4 4 4], LS_0000023f1caf13f0_0_0, LS_0000023f1caf13f0_0_4, LS_0000023f1caf13f0_0_8, LS_0000023f1caf13f0_0_12;
L_0000023f1caf01d0 .part v0000023f1ca8fec0_0, 0, 16;
L_0000023f1caf0ef0 .concat [ 16 16 0 0], L_0000023f1caf01d0, L_0000023f1caf13f0;
L_0000023f1caf1990 .part v0000023f1ca8fec0_0, 21, 5;
L_0000023f1caf0310 .part v0000023f1ca8fec0_0, 16, 5;
L_0000023f1caf0950 .cmp/eq 2, v0000023f1ca93800_0, L_0000023f1ca96398;
L_0000023f1caf1ad0 .cmp/eq 2, v0000023f1ca93800_0, L_0000023f1ca963e0;
L_0000023f1caf17b0 .functor MUXZ 32, L_0000023f1caf1df0, L_0000023f1caf10d0, L_0000023f1caf1ad0, C4<>;
L_0000023f1caf04f0 .functor MUXZ 32, L_0000023f1caf17b0, L_0000023f1caf25d0, L_0000023f1caf0950, C4<>;
L_0000023f1caf0630 .cmp/eq 2, v0000023f1ca933a0_0, L_0000023f1ca96428;
L_0000023f1caf0270 .cmp/eq 2, v0000023f1ca933a0_0, L_0000023f1ca96470;
L_0000023f1caf06d0 .functor MUXZ 32, L_0000023f1caf1e90, L_0000023f1caf10d0, L_0000023f1caf0270, C4<>;
L_0000023f1caf09f0 .functor MUXZ 32, L_0000023f1caf06d0, L_0000023f1caf25d0, L_0000023f1caf0630, C4<>;
L_0000023f1caf1850 .part L_0000023f1caf0ef0, 0, 30;
L_0000023f1caf0a90 .concat [ 2 30 0 0], L_0000023f1ca964b8, L_0000023f1caf1850;
L_0000023f1caf0810 .arith/sum 32, v0000023f1ca91ed0_0, L_0000023f1caf0a90;
L_0000023f1caf18f0 .cmp/eq 32, L_0000023f1caf04f0, L_0000023f1caf09f0;
L_0000023f1caf0b30 .part v0000023f1ca8fec0_0, 26, 6;
L_0000023f1caf1cb0 .cmp/eq 6, L_0000023f1caf0b30, L_0000023f1ca96500;
L_0000023f1caf0bd0 .functor MUXZ 1, L_0000023f1caf18f0, L_0000023f1c99ec00, L_0000023f1caf1cb0, C4<>;
L_0000023f1caf1170 .cmp/eq 2, v0000023f1ca92a40_0, L_0000023f1ca96548;
L_0000023f1caf1b70 .cmp/eq 2, v0000023f1ca92a40_0, L_0000023f1ca96590;
L_0000023f1caf0c70 .functor MUXZ 32, v0000023f1ca91a70_0, L_0000023f1caf10d0, L_0000023f1caf1b70, C4<>;
L_0000023f1caf0d10 .functor MUXZ 32, L_0000023f1caf0c70, L_0000023f1caf25d0, L_0000023f1caf1170, C4<>;
L_0000023f1caf0db0 .cmp/eq 2, v0000023f1ca939e0_0, L_0000023f1ca965d8;
L_0000023f1caf12b0 .cmp/eq 2, v0000023f1ca939e0_0, L_0000023f1ca96620;
L_0000023f1caf15d0 .functor MUXZ 32, v0000023f1ca90850_0, L_0000023f1caf10d0, L_0000023f1caf12b0, C4<>;
L_0000023f1caf0e50 .functor MUXZ 32, L_0000023f1caf15d0, L_0000023f1caf25d0, L_0000023f1caf0db0, C4<>;
L_0000023f1caf0f90 .functor MUXZ 32, L_0000023f1caf0e50, v0000023f1ca91250_0, v0000023f1ca8f920_0, C4<>;
L_0000023f1caf1030 .functor MUXZ 5, v0000023f1ca90cb0_0, v0000023f1ca90ad0_0, v0000023f1ca91e30_0, C4<>;
L_0000023f1caf10d0 .functor MUXZ 32, v0000023f1ca8efc0_0, v0000023f1ca91bb0_0, v0000023f1ca8fce0_0, C4<>;
S_0000023f1ca3ea10 .scope module, "u_alu" "alu" 7 131, 8 2 0, S_0000023f1c98e1f0;
 .timescale -9 -12;
    .port_info 0 /INPUT 32 "src_a";
    .port_info 1 /INPUT 32 "src_b";
    .port_info 2 /INPUT 3 "alu_ctrl";
    .port_info 3 /OUTPUT 32 "result";
    .port_info 4 /OUTPUT 1 "zero";
L_0000023f1ca96668 .functor BUFT 1, C4<00000000000000000000000000000000>, C4<0>, C4<0>, C4<0>;
v0000023f1c9db3a0_0 .net/2u *"_ivl_0", 31 0, L_0000023f1ca96668;  1 drivers
v0000023f1c9db440_0 .net "alu_ctrl", 2 0, v0000023f1ca8e480_0;  1 drivers
v0000023f1c9dbbc0_0 .var "result", 31 0;
v0000023f1c9dbc60_0 .net "src_a", 31 0, L_0000023f1caf0d10;  alias, 1 drivers
v0000023f1c9dc020_0 .net "src_b", 31 0, L_0000023f1caf0f90;  alias, 1 drivers
v0000023f1c9dbda0_0 .net "zero", 0 0, L_0000023f1caf1210;  alias, 1 drivers
E_0000023f1c9e72c0 .event anyedge, v0000023f1c9db440_0, v0000023f1c9dbc60_0, v0000023f1c9dc020_0;
L_0000023f1caf1210 .cmp/eq 32, v0000023f1c9dbbc0_0, L_0000023f1ca96668;
S_0000023f1c961ff0 .scope module, "u_data_mem" "data_memory" 7 156, 9 14 0, S_0000023f1c98e1f0;
 .timescale -9 -12;
    .port_info 0 /INPUT 1 "clk";
    .port_info 1 /INPUT 1 "rst_n";
    .port_info 2 /INPUT 1 "mem_write_en";
    .port_info 3 /INPUT 32 "addr";
    .port_info 4 /INPUT 32 "write_data";
    .port_info 5 /INPUT 8 "switches";
    .port_info 6 /OUTPUT 1 "pwm_out";
    .port_info 7 /OUTPUT 32 "read_data";
L_0000023f1caf2480 .functor BUFZ 32, L_0000023f1caf1a30, C4<00000000000000000000000000000000>, C4<00000000000000000000000000000000>, C4<00000000000000000000000000000000>;
v0000023f1c9db6c0_0 .net *"_ivl_0", 31 0, L_0000023f1caf1a30;  1 drivers
v0000023f1c9dc980_0 .net *"_ivl_3", 5 0, L_0000023f1caf1c10;  1 drivers
v0000023f1c9dd060_0 .net *"_ivl_4", 7 0, L_0000023f1caf1490;  1 drivers
L_0000023f1ca966b0 .functor BUFT 1, C4<00>, C4<0>, C4<0>, C4<0>;
v0000023f1c9dcde0_0 .net *"_ivl_7", 1 0, L_0000023f1ca966b0;  1 drivers
v0000023f1c9dce80_0 .net "addr", 31 0, v0000023f1ca8e520_0;  1 drivers
v0000023f1c9dc200_0 .net "clk", 0 0, v0000023f1ca94f50_0;  alias, 1 drivers
v0000023f1c9dca20_0 .net "mem_write_en", 0 0, v0000023f1ca8eac0_0;  1 drivers
v0000023f1c9db760_0 .var "pwm_duty", 7 0;
v0000023f1c9dc2a0_0 .var "pwm_en", 0 0;
v0000023f1c9dc340_0 .net "pwm_out", 0 0, v0000023f1c9dcfc0_0;  alias, 1 drivers
v0000023f1c9c42f0 .array "ram", 63 0, 31 0;
v0000023f1c9c5bf0_0 .net "ram_out", 31 0, L_0000023f1caf2480;  1 drivers
v0000023f1c9b5630_0 .var "read_data", 31 0;
v0000023f1c9b56d0_0 .net "rst_n", 0 0, v0000023f1ca95130_0;  alias, 1 drivers
v0000023f1c9fcc60_0 .net "switches", 7 0, v0000023f1ca94a50_0;  alias, 1 drivers
v0000023f1c9fd340_0 .net "write_data", 31 0, v0000023f1ca903f0_0;  1 drivers
E_0000023f1c9e77c0/0 .event anyedge, v0000023f1c9dce80_0, v0000023f1c9fcc60_0, v0000023f1c9dc160_0, v0000023f1c9db8a0_0;
E_0000023f1c9e77c0/1 .event anyedge, v0000023f1c9c5bf0_0;
E_0000023f1c9e77c0 .event/or E_0000023f1c9e77c0/0, E_0000023f1c9e77c0/1;
E_0000023f1c9e7300 .event posedge, v0000023f1c9db4e0_0;
L_0000023f1caf1a30 .array/port v0000023f1c9c42f0, L_0000023f1caf1490;
L_0000023f1caf1c10 .part v0000023f1ca8e520_0, 2, 6;
L_0000023f1caf1490 .concat [ 6 2 0 0], L_0000023f1caf1c10, L_0000023f1ca966b0;
S_0000023f1c962180 .scope module, "u_pwm" "pwm_controller" 9 37, 10 2 0, S_0000023f1c961ff0;
 .timescale -9 -12;
    .port_info 0 /INPUT 1 "clk";
    .port_info 1 /INPUT 1 "rst_n";
    .port_info 2 /INPUT 1 "enable";
    .port_info 3 /INPUT 8 "duty_cycle";
    .port_info 4 /OUTPUT 1 "pwm_out";
v0000023f1c9db4e0_0 .net "clk", 0 0, v0000023f1ca94f50_0;  alias, 1 drivers
v0000023f1c9dbf80_0 .var "counter", 7 0;
v0000023f1c9dc160_0 .net "duty_cycle", 7 0, v0000023f1c9db760_0;  1 drivers
v0000023f1c9db8a0_0 .net "enable", 0 0, v0000023f1c9dc2a0_0;  1 drivers
v0000023f1c9dcfc0_0 .var "pwm_out", 0 0;
v0000023f1c9dcc00_0 .net "rst_n", 0 0, v0000023f1ca95130_0;  alias, 1 drivers
E_0000023f1c9e6940/0 .event negedge, v0000023f1c9dcc00_0;
E_0000023f1c9e6940/1 .event posedge, v0000023f1c9db4e0_0;
E_0000023f1c9e6940 .event/or E_0000023f1c9e6940/0, E_0000023f1c9e6940/1;
S_0000023f1c98e560 .scope module, "u_imem" "instruction_memory" 7 49, 11 2 0, S_0000023f1c98e1f0;
 .timescale -9 -12;
    .port_info 0 /INPUT 32 "addr";
    .port_info 1 /OUTPUT 32 "rd";
P_0000023f1ca8d550 .param/l "DEPTH" 0 11 4, +C4<00000000000000000000000100000000>;
P_0000023f1ca8d588 .param/l "WIDTH" 0 11 3, +C4<00000000000000000000000000100000>;
L_0000023f1c9ca000 .functor BUFZ 32, L_0000023f1ca94c30, C4<00000000000000000000000000000000>, C4<00000000000000000000000000000000>, C4<00000000000000000000000000000000>;
v0000023f1c9fcf80_0 .net *"_ivl_0", 31 0, L_0000023f1ca94c30;  1 drivers
v0000023f1c9fc940_0 .net *"_ivl_3", 29 0, L_0000023f1ca94ff0;  1 drivers
v0000023f1c9fd520_0 .net "addr", 31 0, v0000023f1c9fe1a0_0;  alias, 1 drivers
v0000023f1c9fce40 .array "ram", 255 0, 31 0;
v0000023f1c9fc3a0_0 .net "rd", 31 0, L_0000023f1c9ca000;  alias, 1 drivers
L_0000023f1ca94c30 .array/port v0000023f1c9fce40, L_0000023f1ca94ff0;
L_0000023f1ca94ff0 .part v0000023f1c9fe1a0_0, 2, 30;
S_0000023f1c98e6f0 .scope module, "u_pc" "pc" 7 48, 12 2 0, S_0000023f1c98e1f0;
 .timescale -9 -12;
    .port_info 0 /INPUT 1 "clk";
    .port_info 1 /INPUT 1 "rst_n";
    .port_info 2 /INPUT 1 "en";
    .port_info 3 /INPUT 32 "pc_next";
    .port_info 4 /OUTPUT 32 "pc";
v0000023f1c9fcd00_0 .net "clk", 0 0, v0000023f1ca94f50_0;  alias, 1 drivers
v0000023f1c9fdc00_0 .net "en", 0 0, L_0000023f1c9ca700;  1 drivers
v0000023f1c9fe1a0_0 .var "pc", 31 0;
v0000023f1c9fd840_0 .net "pc_next", 31 0, L_0000023f1caf0770;  alias, 1 drivers
v0000023f1c9fd200_0 .net "rst_n", 0 0, v0000023f1ca95130_0;  alias, 1 drivers
S_0000023f1c955680 .scope module, "u_reg_file" "reg_file" 7 74, 13 2 0, S_0000023f1c98e1f0;
 .timescale -9 -12;
    .port_info 0 /INPUT 1 "clk";
    .port_info 1 /INPUT 1 "we3";
    .port_info 2 /INPUT 5 "wa3";
    .port_info 3 /INPUT 32 "wd3";
    .port_info 4 /INPUT 5 "ra1";
    .port_info 5 /INPUT 5 "ra2";
    .port_info 6 /OUTPUT 32 "rd1";
    .port_info 7 /OUTPUT 32 "rd2";
L_0000023f1ca961e8 .functor BUFT 1, C4<00000>, C4<0>, C4<0>, C4<0>;
v0000023f1c9fd3e0_0 .net/2u *"_ivl_0", 4 0, L_0000023f1ca961e8;  1 drivers
L_0000023f1ca96278 .functor BUFT 1, C4<00>, C4<0>, C4<0>, C4<0>;
v0000023f1c9fc580_0 .net *"_ivl_11", 1 0, L_0000023f1ca96278;  1 drivers
L_0000023f1ca962c0 .functor BUFT 1, C4<00000>, C4<0>, C4<0>, C4<0>;
v0000023f1c9fd660_0 .net/2u *"_ivl_14", 4 0, L_0000023f1ca962c0;  1 drivers
v0000023f1c9fd480_0 .net *"_ivl_16", 0 0, L_0000023f1caf0450;  1 drivers
L_0000023f1ca96308 .functor BUFT 1, C4<00000000000000000000000000000000>, C4<0>, C4<0>, C4<0>;
v0000023f1c9fca80_0 .net/2u *"_ivl_18", 31 0, L_0000023f1ca96308;  1 drivers
v0000023f1c9fdb60_0 .net *"_ivl_2", 0 0, L_0000023f1caf0590;  1 drivers
v0000023f1c9fd700_0 .net *"_ivl_20", 31 0, L_0000023f1caf03b0;  1 drivers
v0000023f1c9fcee0_0 .net *"_ivl_22", 6 0, L_0000023f1caf08b0;  1 drivers
L_0000023f1ca96350 .functor BUFT 1, C4<00>, C4<0>, C4<0>, C4<0>;
v0000023f1c9fd020_0 .net *"_ivl_25", 1 0, L_0000023f1ca96350;  1 drivers
L_0000023f1ca96230 .functor BUFT 1, C4<00000000000000000000000000000000>, C4<0>, C4<0>, C4<0>;
v0000023f1c9fd8e0_0 .net/2u *"_ivl_4", 31 0, L_0000023f1ca96230;  1 drivers
v0000023f1c9fc440_0 .net *"_ivl_6", 31 0, L_0000023f1caf1710;  1 drivers
v0000023f1c9fd0c0_0 .net *"_ivl_8", 6 0, L_0000023f1caf1350;  1 drivers
v0000023f1c9fd5c0_0 .net "clk", 0 0, L_0000023f1c9ca230;  1 drivers
v0000023f1c9fc760_0 .net "ra1", 4 0, L_0000023f1caf1f30;  1 drivers
v0000023f1c9fcbc0_0 .net "ra2", 4 0, L_0000023f1caf1fd0;  1 drivers
v0000023f1c9fda20_0 .net "rd1", 31 0, L_0000023f1caf1df0;  alias, 1 drivers
v0000023f1c9fc4e0_0 .net "rd2", 31 0, L_0000023f1caf1e90;  alias, 1 drivers
v0000023f1c9fc9e0 .array "rf", 0 31, 31 0;
v0000023f1c9fd7a0_0 .net "wa3", 4 0, L_0000023f1caf2c60;  alias, 1 drivers
v0000023f1c9fdca0_0 .net "wd3", 31 0, L_0000023f1caf10d0;  alias, 1 drivers
v0000023f1c9fd980_0 .net "we3", 0 0, L_0000023f1caf2bf0;  alias, 1 drivers
E_0000023f1c9e6c40 .event posedge, v0000023f1c9fd5c0_0;
L_0000023f1caf0590 .cmp/eq 5, L_0000023f1caf1f30, L_0000023f1ca961e8;
L_0000023f1caf1710 .array/port v0000023f1c9fc9e0, L_0000023f1caf1350;
L_0000023f1caf1350 .concat [ 5 2 0 0], L_0000023f1caf1f30, L_0000023f1ca96278;
L_0000023f1caf1df0 .functor MUXZ 32, L_0000023f1caf1710, L_0000023f1ca96230, L_0000023f1caf0590, C4<>;
L_0000023f1caf0450 .cmp/eq 5, L_0000023f1caf1fd0, L_0000023f1ca962c0;
L_0000023f1caf03b0 .array/port v0000023f1c9fc9e0, L_0000023f1caf08b0;
L_0000023f1caf08b0 .concat [ 5 2 0 0], L_0000023f1caf1fd0, L_0000023f1ca96350;
L_0000023f1caf1e90 .functor MUXZ 32, L_0000023f1caf03b0, L_0000023f1ca96308, L_0000023f1caf0450, C4<>;
S_0000023f1c955810 .scope module, "u_hazard" "hazard_unit" 3 56, 14 15 0, S_0000023f1c9da840;
 .timescale -9 -12;
    .port_info 0 /INPUT 5 "rs_E";
    .port_info 1 /INPUT 5 "rt_E";
    .port_info 2 /INPUT 5 "write_reg_E";
    .port_info 3 /INPUT 1 "reg_write_E";
    .port_info 4 /INPUT 1 "mem_to_reg_E";
    .port_info 5 /INPUT 5 "write_reg_M";
    .port_info 6 /INPUT 1 "reg_write_M";
    .port_info 7 /INPUT 1 "mem_to_reg_M";
    .port_info 8 /INPUT 5 "write_reg_W";
    .port_info 9 /INPUT 1 "reg_write_W";
    .port_info 10 /INPUT 5 "rs_D";
    .port_info 11 /INPUT 5 "rt_D";
    .port_info 12 /INPUT 1 "branch_D";
    .port_info 13 /OUTPUT 2 "forward_a_E";
    .port_info 14 /OUTPUT 2 "forward_b_E";
    .port_info 15 /OUTPUT 2 "forward_a_D";
    .port_info 16 /OUTPUT 2 "forward_b_D";
    .port_info 17 /OUTPUT 1 "stall_F";
    .port_info 18 /OUTPUT 1 "stall_D";
    .port_info 19 /OUTPUT 1 "flush_E";
L_0000023f1c9caaf0 .functor OR 1, L_0000023f1ca94190, L_0000023f1ca94230, C4<0>, C4<0>;
L_0000023f1c9cabd0 .functor AND 1, v0000023f1ca8fa60_0, L_0000023f1c9caaf0, C4<1>, C4<1>;
L_0000023f1c9cac40 .functor OR 1, L_0000023f1ca94b90, L_0000023f1ca942d0, C4<0>, C4<0>;
L_0000023f1c9ca4d0 .functor AND 1, v0000023f1ca91890_0, L_0000023f1c9cac40, C4<1>, C4<1>;
L_0000023f1c9ca540 .functor OR 1, L_0000023f1ca94370, L_0000023f1ca94550, C4<0>, C4<0>;
L_0000023f1c9cacb0 .functor AND 1, v0000023f1ca8fba0_0, L_0000023f1c9ca540, C4<1>, C4<1>;
L_0000023f1c9ca5b0 .functor OR 1, L_0000023f1c9ca4d0, L_0000023f1c9cacb0, C4<0>, C4<0>;
L_0000023f1c9c9f90 .functor AND 1, L_0000023f1ca95950, L_0000023f1c9ca5b0, C4<1>, C4<1>;
L_0000023f1c9c9eb0 .functor OR 1, L_0000023f1c9cabd0, L_0000023f1c9c9f90, C4<0>, C4<0>;
L_0000023f1c9ca620 .functor OR 1, L_0000023f1c9cabd0, L_0000023f1c9c9f90, C4<0>, C4<0>;
L_0000023f1c9c9f20 .functor OR 1, L_0000023f1c9cabd0, L_0000023f1c9c9f90, C4<0>, C4<0>;
v0000023f1ca93260_0 .net *"_ivl_0", 0 0, L_0000023f1ca94190;  1 drivers
v0000023f1ca93940_0 .net *"_ivl_10", 0 0, L_0000023f1ca942d0;  1 drivers
v0000023f1ca927c0_0 .net *"_ivl_13", 0 0, L_0000023f1c9cac40;  1 drivers
v0000023f1ca92720_0 .net *"_ivl_15", 0 0, L_0000023f1c9ca4d0;  1 drivers
v0000023f1ca92860_0 .net *"_ivl_16", 0 0, L_0000023f1ca94370;  1 drivers
v0000023f1ca92180_0 .net *"_ivl_18", 0 0, L_0000023f1ca94550;  1 drivers
v0000023f1ca924a0_0 .net *"_ivl_2", 0 0, L_0000023f1ca94230;  1 drivers
v0000023f1ca938a0_0 .net *"_ivl_21", 0 0, L_0000023f1c9ca540;  1 drivers
v0000023f1ca93620_0 .net *"_ivl_23", 0 0, L_0000023f1c9cacb0;  1 drivers
v0000023f1ca92220_0 .net *"_ivl_25", 0 0, L_0000023f1c9ca5b0;  1 drivers
v0000023f1ca93b20_0 .net *"_ivl_5", 0 0, L_0000023f1c9caaf0;  1 drivers
v0000023f1ca936c0_0 .net *"_ivl_8", 0 0, L_0000023f1ca94b90;  1 drivers
v0000023f1ca92900_0 .net "branch_D", 0 0, L_0000023f1ca95950;  alias, 1 drivers
v0000023f1ca93bc0_0 .net "branchstall", 0 0, L_0000023f1c9c9f90;  1 drivers
v0000023f1ca93760_0 .net "flush_E", 0 0, L_0000023f1c9c9f20;  alias, 1 drivers
v0000023f1ca93800_0 .var "forward_a_D", 1 0;
v0000023f1ca92a40_0 .var "forward_a_E", 1 0;
v0000023f1ca933a0_0 .var "forward_b_D", 1 0;
v0000023f1ca939e0_0 .var "forward_b_E", 1 0;
v0000023f1ca93a80_0 .net "lwstall", 0 0, L_0000023f1c9cabd0;  1 drivers
v0000023f1ca934e0_0 .net "mem_to_reg_E", 0 0, v0000023f1ca8fa60_0;  alias, 1 drivers
v0000023f1ca922c0_0 .net "mem_to_reg_M", 0 0, v0000023f1ca8fba0_0;  alias, 1 drivers
v0000023f1ca92ae0_0 .net "reg_write_E", 0 0, v0000023f1ca91890_0;  alias, 1 drivers
v0000023f1ca93300_0 .net "reg_write_M", 0 0, L_0000023f1caf2e90;  alias, 1 drivers
v0000023f1ca93c60_0 .net "reg_write_W", 0 0, L_0000023f1caf2d40;  alias, 1 drivers
v0000023f1ca93d00_0 .net "rs_D", 4 0, L_0000023f1caf1990;  alias, 1 drivers
v0000023f1ca92400_0 .net "rs_E", 4 0, L_0000023f1caf26b0;  alias, 1 drivers
v0000023f1ca93da0_0 .net "rt_D", 4 0, L_0000023f1caf0310;  alias, 1 drivers
v0000023f1ca93e40_0 .net "rt_E", 4 0, v0000023f1ca90cb0_0;  alias, 1 drivers
v0000023f1ca93ee0_0 .net "stall_D", 0 0, L_0000023f1c9ca620;  alias, 1 drivers
v0000023f1ca92b80_0 .net "stall_F", 0 0, L_0000023f1c9c9eb0;  alias, 1 drivers
v0000023f1ca92d60_0 .net "write_reg_E", 4 0, L_0000023f1caf29c0;  alias, 1 drivers
v0000023f1ca92540_0 .net "write_reg_M", 4 0, v0000023f1ca90d50_0;  alias, 1 drivers
v0000023f1ca93f80_0 .net "write_reg_W", 4 0, L_0000023f1caf21e0;  alias, 1 drivers
E_0000023f1c9e7800/0 .event anyedge, v0000023f1ca90490_0, v0000023f1ca907b0_0, v0000023f1ca91c50_0, v0000023f1ca90210_0;
E_0000023f1c9e7800/1 .event anyedge, v0000023f1ca90a30_0, v0000023f1ca912f0_0;
E_0000023f1c9e7800 .event/or E_0000023f1c9e7800/0, E_0000023f1c9e7800/1;
E_0000023f1c9e7380/0 .event anyedge, v0000023f1ca90490_0, v0000023f1ca907b0_0, v0000023f1ca905d0_0, v0000023f1ca90210_0;
E_0000023f1c9e7380/1 .event anyedge, v0000023f1ca90a30_0, v0000023f1ca90fd0_0;
E_0000023f1c9e7380 .event/or E_0000023f1c9e7380/0, E_0000023f1c9e7380/1;
L_0000023f1ca94190 .cmp/eq 5, L_0000023f1caf29c0, L_0000023f1caf1990;
L_0000023f1ca94230 .cmp/eq 5, L_0000023f1caf29c0, L_0000023f1caf0310;
L_0000023f1ca94b90 .cmp/eq 5, L_0000023f1caf29c0, L_0000023f1caf1990;
L_0000023f1ca942d0 .cmp/eq 5, L_0000023f1caf29c0, L_0000023f1caf0310;
L_0000023f1ca94370 .cmp/eq 5, v0000023f1ca90d50_0, L_0000023f1caf1990;
L_0000023f1ca94550 .cmp/eq 5, v0000023f1ca90d50_0, L_0000023f1caf0310;
    .scope S_0000023f1c98e060;
T_0 ;
    %wait E_0000023f1c9e76c0;
    %load/vec4 v0000023f1c9db940_0;
    %dup/vec4;
    %pushi/vec4 0, 0, 6;
    %cmp/u;
    %jmp/1 T_0.0, 6;
    %dup/vec4;
    %pushi/vec4 35, 0, 6;
    %cmp/u;
    %jmp/1 T_0.1, 6;
    %dup/vec4;
    %pushi/vec4 43, 0, 6;
    %cmp/u;
    %jmp/1 T_0.2, 6;
    %dup/vec4;
    %pushi/vec4 4, 0, 6;
    %cmp/u;
    %jmp/1 T_0.3, 6;
    %dup/vec4;
    %pushi/vec4 5, 0, 6;
    %cmp/u;
    %jmp/1 T_0.4, 6;
    %dup/vec4;
    %pushi/vec4 8, 0, 6;
    %cmp/u;
    %jmp/1 T_0.5, 6;
    %dup/vec4;
    %pushi/vec4 2, 0, 6;
    %cmp/u;
    %jmp/1 T_0.6, 6;
    %pushi/vec4 0, 0, 10;
    %store/vec4 v0000023f1c9dba80_0, 0, 10;
    %jmp T_0.8;
T_0.0 ;
    %pushi/vec4 386, 0, 10;
    %store/vec4 v0000023f1c9dba80_0, 0, 10;
    %jmp T_0.8;
T_0.1 ;
    %pushi/vec4 328, 0, 10;
    %store/vec4 v0000023f1c9dba80_0, 0, 10;
    %jmp T_0.8;
T_0.2 ;
    %pushi/vec4 80, 0, 10;
    %store/vec4 v0000023f1c9dba80_0, 0, 10;
    %jmp T_0.8;
T_0.3 ;
    %pushi/vec4 33, 0, 10;
    %store/vec4 v0000023f1c9dba80_0, 0, 10;
    %jmp T_0.8;
T_0.4 ;
    %pushi/vec4 33, 0, 10;
    %store/vec4 v0000023f1c9dba80_0, 0, 10;
    %jmp T_0.8;
T_0.5 ;
    %pushi/vec4 320, 0, 10;
    %store/vec4 v0000023f1c9dba80_0, 0, 10;
    %jmp T_0.8;
T_0.6 ;
    %pushi/vec4 4, 0, 10;
    %store/vec4 v0000023f1c9dba80_0, 0, 10;
    %jmp T_0.8;
T_0.8 ;
    %pop/vec4 1;
    %jmp T_0;
    .thread T_0, $push;
    .scope S_0000023f1c98fb80;
T_1 ;
    %wait E_0000023f1c9e7080;
    %load/vec4 v0000023f1c9db9e0_0;
    %dup/vec4;
    %pushi/vec4 0, 0, 2;
    %cmp/u;
    %jmp/1 T_1.0, 6;
    %dup/vec4;
    %pushi/vec4 1, 0, 2;
    %cmp/u;
    %jmp/1 T_1.1, 6;
    %dup/vec4;
    %pushi/vec4 2, 0, 2;
    %cmp/u;
    %jmp/1 T_1.2, 6;
    %pushi/vec4 0, 0, 3;
    %store/vec4 v0000023f1c9dbd00_0, 0, 3;
    %jmp T_1.4;
T_1.0 ;
    %pushi/vec4 2, 0, 3;
    %store/vec4 v0000023f1c9dbd00_0, 0, 3;
    %jmp T_1.4;
T_1.1 ;
    %pushi/vec4 6, 0, 3;
    %store/vec4 v0000023f1c9dbd00_0, 0, 3;
    %jmp T_1.4;
T_1.2 ;
    %load/vec4 v0000023f1c9dcac0_0;
    %dup/vec4;
    %pushi/vec4 32, 0, 6;
    %cmp/u;
    %jmp/1 T_1.5, 6;
    %dup/vec4;
    %pushi/vec4 34, 0, 6;
    %cmp/u;
    %jmp/1 T_1.6, 6;
    %dup/vec4;
    %pushi/vec4 36, 0, 6;
    %cmp/u;
    %jmp/1 T_1.7, 6;
    %dup/vec4;
    %pushi/vec4 37, 0, 6;
    %cmp/u;
    %jmp/1 T_1.8, 6;
    %dup/vec4;
    %pushi/vec4 42, 0, 6;
    %cmp/u;
    %jmp/1 T_1.9, 6;
    %pushi/vec4 2, 0, 3;
    %store/vec4 v0000023f1c9dbd00_0, 0, 3;
    %jmp T_1.11;
T_1.5 ;
    %pushi/vec4 2, 0, 3;
    %store/vec4 v0000023f1c9dbd00_0, 0, 3;
    %jmp T_1.11;
T_1.6 ;
    %pushi/vec4 6, 0, 3;
    %store/vec4 v0000023f1c9dbd00_0, 0, 3;
    %jmp T_1.11;
T_1.7 ;
    %pushi/vec4 0, 0, 3;
    %store/vec4 v0000023f1c9dbd00_0, 0, 3;
    %jmp T_1.11;
T_1.8 ;
    %pushi/vec4 1, 0, 3;
    %store/vec4 v0000023f1c9dbd00_0, 0, 3;
    %jmp T_1.11;
T_1.9 ;
    %pushi/vec4 7, 0, 3;
    %store/vec4 v0000023f1c9dbd00_0, 0, 3;
    %jmp T_1.11;
T_1.11 ;
    %pop/vec4 1;
    %jmp T_1.4;
T_1.4 ;
    %pop/vec4 1;
    %jmp T_1;
    .thread T_1, $push;
    .scope S_0000023f1c955810;
T_2 ;
    %wait E_0000023f1c9e7380;
    %load/vec4 v0000023f1ca93300_0;
    %flag_set/vec4 10;
    %flag_get/vec4 10;
    %jmp/0 T_2.3, 10;
    %load/vec4 v0000023f1ca92540_0;
    %pad/u 32;
    %pushi/vec4 0, 0, 32;
    %cmp/ne;
    %flag_get/vec4 4;
    %and;
T_2.3;
    %flag_set/vec4 9;
    %flag_get/vec4 9;
    %jmp/0 T_2.2, 9;
    %load/vec4 v0000023f1ca92540_0;
    %load/vec4 v0000023f1ca92400_0;
    %cmp/e;
    %flag_get/vec4 4;
    %and;
T_2.2;
    %flag_set/vec4 8;
    %jmp/0xz  T_2.0, 8;
    %pushi/vec4 2, 0, 2;
    %store/vec4 v0000023f1ca92a40_0, 0, 2;
    %jmp T_2.1;
T_2.0 ;
    %load/vec4 v0000023f1ca93c60_0;
    %flag_set/vec4 10;
    %flag_get/vec4 10;
    %jmp/0 T_2.7, 10;
    %load/vec4 v0000023f1ca93f80_0;
    %pad/u 32;
    %pushi/vec4 0, 0, 32;
    %cmp/ne;
    %flag_get/vec4 4;
    %and;
T_2.7;
    %flag_set/vec4 9;
    %flag_get/vec4 9;
    %jmp/0 T_2.6, 9;
    %load/vec4 v0000023f1ca93f80_0;
    %load/vec4 v0000023f1ca92400_0;
    %cmp/e;
    %flag_get/vec4 4;
    %and;
T_2.6;
    %flag_set/vec4 8;
    %jmp/0xz  T_2.4, 8;
    %pushi/vec4 1, 0, 2;
    %store/vec4 v0000023f1ca92a40_0, 0, 2;
    %jmp T_2.5;
T_2.4 ;
    %pushi/vec4 0, 0, 2;
    %store/vec4 v0000023f1ca92a40_0, 0, 2;
T_2.5 ;
T_2.1 ;
    %load/vec4 v0000023f1ca93300_0;
    %flag_set/vec4 10;
    %flag_get/vec4 10;
    %jmp/0 T_2.11, 10;
    %load/vec4 v0000023f1ca92540_0;
    %pad/u 32;
    %pushi/vec4 0, 0, 32;
    %cmp/ne;
    %flag_get/vec4 4;
    %and;
T_2.11;
    %flag_set/vec4 9;
    %flag_get/vec4 9;
    %jmp/0 T_2.10, 9;
    %load/vec4 v0000023f1ca92540_0;
    %load/vec4 v0000023f1ca93e40_0;
    %cmp/e;
    %flag_get/vec4 4;
    %and;
T_2.10;
    %flag_set/vec4 8;
    %jmp/0xz  T_2.8, 8;
    %pushi/vec4 2, 0, 2;
    %store/vec4 v0000023f1ca939e0_0, 0, 2;
    %jmp T_2.9;
T_2.8 ;
    %load/vec4 v0000023f1ca93c60_0;
    %flag_set/vec4 10;
    %flag_get/vec4 10;
    %jmp/0 T_2.15, 10;
    %load/vec4 v0000023f1ca93f80_0;
    %pad/u 32;
    %pushi/vec4 0, 0, 32;
    %cmp/ne;
    %flag_get/vec4 4;
    %and;
T_2.15;
    %flag_set/vec4 9;
    %flag_get/vec4 9;
    %jmp/0 T_2.14, 9;
    %load/vec4 v0000023f1ca93f80_0;
    %load/vec4 v0000023f1ca93e40_0;
    %cmp/e;
    %flag_get/vec4 4;
    %and;
T_2.14;
    %flag_set/vec4 8;
    %jmp/0xz  T_2.12, 8;
    %pushi/vec4 1, 0, 2;
    %store/vec4 v0000023f1ca939e0_0, 0, 2;
    %jmp T_2.13;
T_2.12 ;
    %pushi/vec4 0, 0, 2;
    %store/vec4 v0000023f1ca939e0_0, 0, 2;
T_2.13 ;
T_2.9 ;
    %jmp T_2;
    .thread T_2, $push;
    .scope S_0000023f1c955810;
T_3 ;
    %wait E_0000023f1c9e7800;
    %load/vec4 v0000023f1ca93300_0;
    %flag_set/vec4 10;
    %flag_get/vec4 10;
    %jmp/0 T_3.3, 10;
    %load/vec4 v0000023f1ca92540_0;
    %pad/u 32;
    %pushi/vec4 0, 0, 32;
    %cmp/ne;
    %flag_get/vec4 4;
    %and;
T_3.3;
    %flag_set/vec4 9;
    %flag_get/vec4 9;
    %jmp/0 T_3.2, 9;
    %load/vec4 v0000023f1ca92540_0;
    %load/vec4 v0000023f1ca93d00_0;
    %cmp/e;
    %flag_get/vec4 4;
    %and;
T_3.2;
    %flag_set/vec4 8;
    %jmp/0xz  T_3.0, 8;
    %pushi/vec4 2, 0, 2;
    %store/vec4 v0000023f1ca93800_0, 0, 2;
    %jmp T_3.1;
T_3.0 ;
    %load/vec4 v0000023f1ca93c60_0;
    %flag_set/vec4 10;
    %flag_get/vec4 10;
    %jmp/0 T_3.7, 10;
    %load/vec4 v0000023f1ca93f80_0;
    %pad/u 32;
    %pushi/vec4 0, 0, 32;
    %cmp/ne;
    %flag_get/vec4 4;
    %and;
T_3.7;
    %flag_set/vec4 9;
    %flag_get/vec4 9;
    %jmp/0 T_3.6, 9;
    %load/vec4 v0000023f1ca93f80_0;
    %load/vec4 v0000023f1ca93d00_0;
    %cmp/e;
    %flag_get/vec4 4;
    %and;
T_3.6;
    %flag_set/vec4 8;
    %jmp/0xz  T_3.4, 8;
    %pushi/vec4 1, 0, 2;
    %store/vec4 v0000023f1ca93800_0, 0, 2;
    %jmp T_3.5;
T_3.4 ;
    %pushi/vec4 0, 0, 2;
    %store/vec4 v0000023f1ca93800_0, 0, 2;
T_3.5 ;
T_3.1 ;
    %load/vec4 v0000023f1ca93300_0;
    %flag_set/vec4 10;
    %flag_get/vec4 10;
    %jmp/0 T_3.11, 10;
    %load/vec4 v0000023f1ca92540_0;
    %pad/u 32;
    %pushi/vec4 0, 0, 32;
    %cmp/ne;
    %flag_get/vec4 4;
    %and;
T_3.11;
    %flag_set/vec4 9;
    %flag_get/vec4 9;
    %jmp/0 T_3.10, 9;
    %load/vec4 v0000023f1ca92540_0;
    %load/vec4 v0000023f1ca93da0_0;
    %cmp/e;
    %flag_get/vec4 4;
    %and;
T_3.10;
    %flag_set/vec4 8;
    %jmp/0xz  T_3.8, 8;
    %pushi/vec4 2, 0, 2;
    %store/vec4 v0000023f1ca933a0_0, 0, 2;
    %jmp T_3.9;
T_3.8 ;
    %load/vec4 v0000023f1ca93c60_0;
    %flag_set/vec4 10;
    %flag_get/vec4 10;
    %jmp/0 T_3.15, 10;
    %load/vec4 v0000023f1ca93f80_0;
    %pad/u 32;
    %pushi/vec4 0, 0, 32;
    %cmp/ne;
    %flag_get/vec4 4;
    %and;
T_3.15;
    %flag_set/vec4 9;
    %flag_get/vec4 9;
    %jmp/0 T_3.14, 9;
    %load/vec4 v0000023f1ca93f80_0;
    %load/vec4 v0000023f1ca93da0_0;
    %cmp/e;
    %flag_get/vec4 4;
    %and;
T_3.14;
    %flag_set/vec4 8;
    %jmp/0xz  T_3.12, 8;
    %pushi/vec4 1, 0, 2;
    %store/vec4 v0000023f1ca933a0_0, 0, 2;
    %jmp T_3.13;
T_3.12 ;
    %pushi/vec4 0, 0, 2;
    %store/vec4 v0000023f1ca933a0_0, 0, 2;
T_3.13 ;
T_3.9 ;
    %jmp T_3;
    .thread T_3, $push;
    .scope S_0000023f1c98e6f0;
T_4 ;
    %wait E_0000023f1c9e6940;
    %load/vec4 v0000023f1c9fd200_0;
    %nor/r;
    %flag_set/vec4 8;
    %jmp/0xz  T_4.0, 8;
    %pushi/vec4 0, 0, 32;
    %assign/vec4 v0000023f1c9fe1a0_0, 0;
    %jmp T_4.1;
T_4.0 ;
    %load/vec4 v0000023f1c9fdc00_0;
    %flag_set/vec4 8;
    %jmp/0xz  T_4.2, 8;
    %load/vec4 v0000023f1c9fd840_0;
    %assign/vec4 v0000023f1c9fe1a0_0, 0;
T_4.2 ;
T_4.1 ;
    %jmp T_4;
    .thread T_4;
    .scope S_0000023f1c98e560;
T_5 ;
    %vpi_call 11 12 "$readmemh", "memfile.dat", v0000023f1c9fce40 {0 0 0};
    %end;
    .thread T_5;
    .scope S_0000023f1c955680;
T_6 ;
    %wait E_0000023f1c9e6c40;
    %load/vec4 v0000023f1c9fd980_0;
    %flag_set/vec4 9;
    %flag_get/vec4 9;
    %jmp/0 T_6.2, 9;
    %load/vec4 v0000023f1c9fd7a0_0;
    %pushi/vec4 0, 0, 5;
    %cmp/ne;
    %flag_get/vec4 4;
    %and;
T_6.2;
    %flag_set/vec4 8;
    %jmp/0xz  T_6.0, 8;
    %load/vec4 v0000023f1c9fdca0_0;
    %load/vec4 v0000023f1c9fd7a0_0;
    %pad/u 7;
    %ix/vec4 3;
    %ix/load 4, 0, 0; Constant delay
    %assign/vec4/a/d v0000023f1c9fc9e0, 0, 4;
T_6.0 ;
    %jmp T_6;
    .thread T_6;
    .scope S_0000023f1ca3ea10;
T_7 ;
    %wait E_0000023f1c9e72c0;
    %load/vec4 v0000023f1c9db440_0;
    %dup/vec4;
    %pushi/vec4 0, 0, 3;
    %cmp/u;
    %jmp/1 T_7.0, 6;
    %dup/vec4;
    %pushi/vec4 1, 0, 3;
    %cmp/u;
    %jmp/1 T_7.1, 6;
    %dup/vec4;
    %pushi/vec4 2, 0, 3;
    %cmp/u;
    %jmp/1 T_7.2, 6;
    %dup/vec4;
    %pushi/vec4 6, 0, 3;
    %cmp/u;
    %jmp/1 T_7.3, 6;
    %dup/vec4;
    %pushi/vec4 7, 0, 3;
    %cmp/u;
    %jmp/1 T_7.4, 6;
    %pushi/vec4 0, 0, 32;
    %store/vec4 v0000023f1c9dbbc0_0, 0, 32;
    %jmp T_7.6;
T_7.0 ;
    %load/vec4 v0000023f1c9dbc60_0;
    %load/vec4 v0000023f1c9dc020_0;
    %and;
    %store/vec4 v0000023f1c9dbbc0_0, 0, 32;
    %jmp T_7.6;
T_7.1 ;
    %load/vec4 v0000023f1c9dbc60_0;
    %load/vec4 v0000023f1c9dc020_0;
    %or;
    %store/vec4 v0000023f1c9dbbc0_0, 0, 32;
    %jmp T_7.6;
T_7.2 ;
    %load/vec4 v0000023f1c9dbc60_0;
    %load/vec4 v0000023f1c9dc020_0;
    %add;
    %store/vec4 v0000023f1c9dbbc0_0, 0, 32;
    %jmp T_7.6;
T_7.3 ;
    %load/vec4 v0000023f1c9dbc60_0;
    %load/vec4 v0000023f1c9dc020_0;
    %sub;
    %store/vec4 v0000023f1c9dbbc0_0, 0, 32;
    %jmp T_7.6;
T_7.4 ;
    %load/vec4 v0000023f1c9dbc60_0;
    %load/vec4 v0000023f1c9dc020_0;
    %cmp/s;
    %flag_mov 8, 5;
    %jmp/0 T_7.7, 8;
    %pushi/vec4 1, 0, 32;
    %jmp/1 T_7.8, 8;
T_7.7 ; End of true expr.
    %pushi/vec4 0, 0, 32;
    %jmp/0 T_7.8, 8;
 ; End of false expr.
    %blend;
T_7.8;
    %store/vec4 v0000023f1c9dbbc0_0, 0, 32;
    %jmp T_7.6;
T_7.6 ;
    %pop/vec4 1;
    %jmp T_7;
    .thread T_7, $push;
    .scope S_0000023f1c962180;
T_8 ;
    %wait E_0000023f1c9e6940;
    %load/vec4 v0000023f1c9dcc00_0;
    %nor/r;
    %flag_set/vec4 8;
    %jmp/0xz  T_8.0, 8;
    %pushi/vec4 0, 0, 8;
    %assign/vec4 v0000023f1c9dbf80_0, 0;
    %jmp T_8.1;
T_8.0 ;
    %load/vec4 v0000023f1c9db8a0_0;
    %flag_set/vec4 8;
    %jmp/0xz  T_8.2, 8;
    %load/vec4 v0000023f1c9dbf80_0;
    %addi 1, 0, 8;
    %assign/vec4 v0000023f1c9dbf80_0, 0;
    %jmp T_8.3;
T_8.2 ;
    %pushi/vec4 0, 0, 8;
    %assign/vec4 v0000023f1c9dbf80_0, 0;
T_8.3 ;
T_8.1 ;
    %jmp T_8;
    .thread T_8;
    .scope S_0000023f1c962180;
T_9 ;
    %wait E_0000023f1c9e6940;
    %load/vec4 v0000023f1c9dcc00_0;
    %nor/r;
    %flag_set/vec4 8;
    %jmp/0xz  T_9.0, 8;
    %pushi/vec4 0, 0, 1;
    %assign/vec4 v0000023f1c9dcfc0_0, 0;
    %jmp T_9.1;
T_9.0 ;
    %load/vec4 v0000023f1c9db8a0_0;
    %flag_set/vec4 8;
    %jmp/0xz  T_9.2, 8;
    %load/vec4 v0000023f1c9dbf80_0;
    %load/vec4 v0000023f1c9dc160_0;
    %cmp/u;
    %flag_get/vec4 5;
    %assign/vec4 v0000023f1c9dcfc0_0, 0;
    %jmp T_9.3;
T_9.2 ;
    %pushi/vec4 0, 0, 1;
    %assign/vec4 v0000023f1c9dcfc0_0, 0;
T_9.3 ;
T_9.1 ;
    %jmp T_9;
    .thread T_9;
    .scope S_0000023f1c961ff0;
T_10 ;
    %wait E_0000023f1c9e7300;
    %load/vec4 v0000023f1c9dca20_0;
    %flag_set/vec4 8;
    %jmp/0xz  T_10.0, 8;
    %load/vec4 v0000023f1c9dce80_0;
    %dup/vec4;
    %pushi/vec4 152, 0, 32;
    %cmp/u;
    %jmp/1 T_10.2, 6;
    %dup/vec4;
    %pushi/vec4 156, 0, 32;
    %cmp/u;
    %jmp/1 T_10.3, 6;
    %load/vec4 v0000023f1c9fd340_0;
    %load/vec4 v0000023f1c9dce80_0;
    %parti/s 6, 2, 3;
    %pad/u 8;
    %ix/vec4 3;
    %ix/load 4, 0, 0; Constant delay
    %assign/vec4/a/d v0000023f1c9c42f0, 0, 4;
    %jmp T_10.5;
T_10.2 ;
    %load/vec4 v0000023f1c9fd340_0;
    %parti/s 8, 0, 2;
    %assign/vec4 v0000023f1c9db760_0, 0;
    %jmp T_10.5;
T_10.3 ;
    %load/vec4 v0000023f1c9fd340_0;
    %parti/s 1, 0, 2;
    %assign/vec4 v0000023f1c9dc2a0_0, 0;
    %jmp T_10.5;
T_10.5 ;
    %pop/vec4 1;
    %load/vec4 v0000023f1c9dce80_0;
    %cmpi/e 152, 0, 32;
    %jmp/0xz  T_10.6, 4;
    %vpi_call 9 56 "$display", "MMIO WRITE: PWM Duty Updated to %d / 255", &PV<v0000023f1c9fd340_0, 0, 8> {0 0 0};
T_10.6 ;
    %load/vec4 v0000023f1c9dce80_0;
    %cmpi/e 156, 0, 32;
    %jmp/0xz  T_10.8, 4;
    %vpi_call 9 58 "$display", "MMIO WRITE: PWM Enable set to %b", &PV<v0000023f1c9fd340_0, 0, 1> {0 0 0};
T_10.8 ;
T_10.0 ;
    %jmp T_10;
    .thread T_10;
    .scope S_0000023f1c961ff0;
T_11 ;
    %wait E_0000023f1c9e77c0;
    %load/vec4 v0000023f1c9dce80_0;
    %dup/vec4;
    %pushi/vec4 144, 0, 32;
    %cmp/u;
    %jmp/1 T_11.0, 6;
    %dup/vec4;
    %pushi/vec4 152, 0, 32;
    %cmp/u;
    %jmp/1 T_11.1, 6;
    %dup/vec4;
    %pushi/vec4 156, 0, 32;
    %cmp/u;
    %jmp/1 T_11.2, 6;
    %load/vec4 v0000023f1c9c5bf0_0;
    %store/vec4 v0000023f1c9b5630_0, 0, 32;
    %jmp T_11.4;
T_11.0 ;
    %pushi/vec4 0, 0, 24;
    %load/vec4 v0000023f1c9fcc60_0;
    %concat/vec4; draw_concat_vec4
    %store/vec4 v0000023f1c9b5630_0, 0, 32;
    %jmp T_11.4;
T_11.1 ;
    %pushi/vec4 0, 0, 24;
    %load/vec4 v0000023f1c9db760_0;
    %concat/vec4; draw_concat_vec4
    %store/vec4 v0000023f1c9b5630_0, 0, 32;
    %jmp T_11.4;
T_11.2 ;
    %pushi/vec4 0, 0, 31;
    %load/vec4 v0000023f1c9dc2a0_0;
    %concat/vec4; draw_concat_vec4
    %store/vec4 v0000023f1c9b5630_0, 0, 32;
    %jmp T_11.4;
T_11.4 ;
    %pop/vec4 1;
    %jmp T_11;
    .thread T_11, $push;
    .scope S_0000023f1c961ff0;
T_12 ;
    %pushi/vec4 0, 0, 8;
    %store/vec4 v0000023f1c9db760_0, 0, 8;
    %pushi/vec4 0, 0, 1;
    %store/vec4 v0000023f1c9dc2a0_0, 0, 1;
    %vpi_call 9 78 "$monitor", "DEBUG: Time=%0t pwm_duty=%d pwm_en=%b", $time, v0000023f1c9db760_0, v0000023f1c9dc2a0_0 {0 0 0};
    %end;
    .thread T_12;
    .scope S_0000023f1c98e1f0;
T_13 ;
    %wait E_0000023f1c9e6940;
    %load/vec4 v0000023f1ca90c10_0;
    %nor/r;
    %flag_set/vec4 8;
    %jmp/0xz  T_13.0, 8;
    %pushi/vec4 0, 0, 32;
    %assign/vec4 v0000023f1ca8fec0_0, 0;
    %pushi/vec4 0, 0, 32;
    %assign/vec4 v0000023f1ca91ed0_0, 0;
    %jmp T_13.1;
T_13.0 ;
    %load/vec4 v0000023f1ca91930_0;
    %nor/r;
    %flag_set/vec4 8;
    %jmp/0xz  T_13.2, 8;
    %load/vec4 v0000023f1ca90000_0;
    %assign/vec4 v0000023f1ca8fec0_0, 0;
    %load/vec4 v0000023f1ca90170_0;
    %assign/vec4 v0000023f1ca91ed0_0, 0;
T_13.2 ;
T_13.1 ;
    %jmp T_13;
    .thread T_13;
    .scope S_0000023f1c98e1f0;
T_14 ;
    %wait E_0000023f1c9e6940;
    %load/vec4 v0000023f1ca90c10_0;
    %nor/r;
    %flag_set/vec4 8;
    %jmp/1 T_14.2, 8;
    %load/vec4 v0000023f1ca8e660_0;
    %flag_set/vec4 9;
    %flag_or 8, 9;
T_14.2;
    %jmp/0xz  T_14.0, 8;
    %pushi/vec4 0, 0, 5;
    %split/vec4 1;
    %assign/vec4 v0000023f1ca91e30_0, 0;
    %split/vec4 1;
    %assign/vec4 v0000023f1ca8f920_0, 0;
    %split/vec4 1;
    %assign/vec4 v0000023f1ca8e8e0_0, 0;
    %split/vec4 1;
    %assign/vec4 v0000023f1ca8fa60_0, 0;
    %assign/vec4 v0000023f1ca91890_0, 0;
    %pushi/vec4 0, 0, 3;
    %assign/vec4 v0000023f1ca8e480_0, 0;
    %pushi/vec4 0, 0, 96;
    %split/vec4 32;
    %assign/vec4 v0000023f1ca91250_0, 0;
    %split/vec4 32;
    %assign/vec4 v0000023f1ca90850_0, 0;
    %assign/vec4 v0000023f1ca91a70_0, 0;
    %pushi/vec4 0, 0, 15;
    %split/vec4 5;
    %assign/vec4 v0000023f1ca90ad0_0, 0;
    %split/vec4 5;
    %assign/vec4 v0000023f1ca90cb0_0, 0;
    %assign/vec4 v0000023f1ca91750_0, 0;
    %jmp T_14.1;
T_14.0 ;
    %load/vec4 v0000023f1ca919d0_0;
    %assign/vec4 v0000023f1ca91890_0, 0;
    %load/vec4 v0000023f1ca8fc40_0;
    %assign/vec4 v0000023f1ca8fa60_0, 0;
    %load/vec4 v0000023f1ca8e840_0;
    %assign/vec4 v0000023f1ca8e8e0_0, 0;
    %load/vec4 v0000023f1ca8f740_0;
    %assign/vec4 v0000023f1ca8e480_0, 0;
    %load/vec4 v0000023f1ca8ef20_0;
    %assign/vec4 v0000023f1ca8f920_0, 0;
    %load/vec4 v0000023f1ca90b70_0;
    %assign/vec4 v0000023f1ca91e30_0, 0;
    %load/vec4 v0000023f1ca91430_0;
    %assign/vec4 v0000023f1ca91a70_0, 0;
    %load/vec4 v0000023f1ca91570_0;
    %assign/vec4 v0000023f1ca90850_0, 0;
    %load/vec4 v0000023f1ca902b0_0;
    %assign/vec4 v0000023f1ca91250_0, 0;
    %load/vec4 v0000023f1ca91c50_0;
    %assign/vec4 v0000023f1ca91750_0, 0;
    %load/vec4 v0000023f1ca912f0_0;
    %assign/vec4 v0000023f1ca90cb0_0, 0;
    %load/vec4 v0000023f1ca8e980_0;
    %parti/s 5, 11, 5;
    %assign/vec4 v0000023f1ca90ad0_0, 0;
T_14.1 ;
    %jmp T_14;
    .thread T_14;
    .scope S_0000023f1c98e1f0;
T_15 ;
    %wait E_0000023f1c9e6940;
    %load/vec4 v0000023f1ca90c10_0;
    %nor/r;
    %flag_set/vec4 8;
    %jmp/0xz  T_15.0, 8;
    %pushi/vec4 0, 0, 3;
    %split/vec4 1;
    %assign/vec4 v0000023f1ca8eac0_0, 0;
    %split/vec4 1;
    %assign/vec4 v0000023f1ca8fba0_0, 0;
    %assign/vec4 v0000023f1ca90710_0, 0;
    %pushi/vec4 0, 0, 64;
    %split/vec4 32;
    %assign/vec4 v0000023f1ca903f0_0, 0;
    %assign/vec4 v0000023f1ca8e520_0, 0;
    %pushi/vec4 0, 0, 5;
    %assign/vec4 v0000023f1ca90d50_0, 0;
    %jmp T_15.1;
T_15.0 ;
    %load/vec4 v0000023f1ca91890_0;
    %assign/vec4 v0000023f1ca90710_0, 0;
    %load/vec4 v0000023f1ca8fa60_0;
    %assign/vec4 v0000023f1ca8fba0_0, 0;
    %load/vec4 v0000023f1ca8e8e0_0;
    %assign/vec4 v0000023f1ca8eac0_0, 0;
    %load/vec4 v0000023f1ca8f7e0_0;
    %assign/vec4 v0000023f1ca8e520_0, 0;
    %load/vec4 v0000023f1ca91cf0_0;
    %assign/vec4 v0000023f1ca903f0_0, 0;
    %load/vec4 v0000023f1ca91070_0;
    %assign/vec4 v0000023f1ca90d50_0, 0;
T_15.1 ;
    %jmp T_15;
    .thread T_15;
    .scope S_0000023f1c98e1f0;
T_16 ;
    %wait E_0000023f1c9e6940;
    %load/vec4 v0000023f1ca90c10_0;
    %nor/r;
    %flag_set/vec4 8;
    %jmp/0xz  T_16.0, 8;
    %pushi/vec4 0, 0, 2;
    %split/vec4 1;
    %assign/vec4 v0000023f1ca8fce0_0, 0;
    %assign/vec4 v0000023f1ca90530_0, 0;
    %pushi/vec4 0, 0, 64;
    %split/vec4 32;
    %assign/vec4 v0000023f1ca8efc0_0, 0;
    %assign/vec4 v0000023f1ca91bb0_0, 0;
    %pushi/vec4 0, 0, 5;
    %assign/vec4 v0000023f1ca90e90_0, 0;
    %jmp T_16.1;
T_16.0 ;
    %load/vec4 v0000023f1ca90710_0;
    %assign/vec4 v0000023f1ca90530_0, 0;
    %load/vec4 v0000023f1ca8fba0_0;
    %assign/vec4 v0000023f1ca8fce0_0, 0;
    %load/vec4 v0000023f1ca914d0_0;
    %assign/vec4 v0000023f1ca91bb0_0, 0;
    %load/vec4 v0000023f1ca8e520_0;
    %assign/vec4 v0000023f1ca8efc0_0, 0;
    %load/vec4 v0000023f1ca90d50_0;
    %assign/vec4 v0000023f1ca90e90_0, 0;
T_16.1 ;
    %jmp T_16;
    .thread T_16;
    .scope S_0000023f1c9da520;
T_17 ;
    %pushi/vec4 0, 0, 1;
    %store/vec4 v0000023f1ca94f50_0, 0, 1;
T_17.0 ;
    %delay 5000, 0;
    %load/vec4 v0000023f1ca94f50_0;
    %inv;
    %store/vec4 v0000023f1ca94f50_0, 0, 1;
    %jmp T_17.0;
    %end;
    .thread T_17;
    .scope S_0000023f1c9da520;
T_18 ;
    %vpi_call 2 44 "$dumpfile", "mips.vcd" {0 0 0};
    %vpi_call 2 45 "$dumpvars", 32'sb00000000000000000000000000000000, S_0000023f1c9da520 {0 0 0};
    %end;
    .thread T_18;
    .scope S_0000023f1c9da520;
T_19 ;
    %pushi/vec4 0, 0, 1;
    %store/vec4 v0000023f1ca95130_0, 0, 1;
    %pushi/vec4 64, 0, 8;
    %store/vec4 v0000023f1ca94a50_0, 0, 8;
    %delay 15000, 0;
    %pushi/vec4 1, 0, 1;
    %store/vec4 v0000023f1ca95130_0, 0, 1;
    %vpi_call 2 56 "$display", "===========================================" {0 0 0};
    %vpi_call 2 57 "$display", "   MIPS Class 12: Synced Simulation        " {0 0 0};
    %vpi_call 2 58 "$display", "===========================================" {0 0 0};
    %delay 10000, 0;
    %pushi/vec4 64, 0, 8;
    %store/vec4 v0000023f1ca94a50_0, 0, 8;
    %delay 10000, 0;
    %pushi/vec4 128, 0, 8;
    %store/vec4 v0000023f1ca94a50_0, 0, 8;
    %delay 10000, 0;
    %pushi/vec4 192, 0, 8;
    %store/vec4 v0000023f1ca94a50_0, 0, 8;
    %delay 10000, 0;
    %pushi/vec4 255, 0, 8;
    %store/vec4 v0000023f1ca94a50_0, 0, 8;
    %delay 300000000, 0;
    %vpi_call 2 74 "$display", "===========================================" {0 0 0};
    %vpi_call 2 75 "$display", "   Simulation Complete                   " {0 0 0};
    %vpi_call 2 76 "$display", "===========================================" {0 0 0};
    %vpi_call 2 77 "$finish" {0 0 0};
    %end;
    .thread T_19;
# The file index is used to find the file name in the following table.
:file_names 15;
    "N/A";
    "<interactive>";
    "mips_tb.v";
    "mips.v";
    "control_unit.v";
    "alu_decoder.v";
    "main_decoder.v";
    "datapath.v";
    "alu.v";
    "data_memory.v";
    "pwm_controller.v";
    "instruction_memory.v";
    "pc.v";
    "reg_file.v";
    "hazard_unit.v";
